node.exe : ΓÇó turbo 2.8.10
At C:\Users\sachi\AppData\Roaming\npm\npx.ps1:24 char:5
+     & "node$exe"  "$basedir/node_modules/npm/bin/npx-cli.js" $args
+     ~~~~~~~~~~~~~~~~~~~~~~~~~~~~~~~~~~~~~~~~~~~~~~~~~~~~~~~~~~~~~~
    + CategoryInfo          : NotSpecified: (ΓÇó turbo 2.8.10:String) [], Remo 
   teException
    + FullyQualifiedErrorId : NativeCommandError
 
ΓÇó Packages in scope: client
ΓÇó Running build in 1 packages
ΓÇó Remote caching disabled
client:build: cache miss, executing 58bdc951ace4c908
client:build: 
client:build: > client@0.1.0 build
client:build: > next build
client:build: 
client:build: Γû▓ Next.js 16.1.6 (Turbopack)
client:build: - Environments: .env
client:build: 
client:build:   Creating an optimized production build ...
client:build: Γ£ô Compiled successfully in 13.9s
client:build:   Running TypeScript ...
client:build:   Collecting page data using 7 workers ...
client:build:   Generating static pages using 7 workers (0/23) ...
client:build:   Generating static pages using 7 workers (5/23) 
client:build:   Generating static pages using 7 workers (11/23) 
client:build: Γ¿» useSearchParams() should be wrapped in a suspense boundary at page "/all-jobs". Read more: https://nextjs.org/docs/messages/missing-suspense-with-csr-bailout
client:build:     at Q (C:\Users\sachi\Desktop\EH\Zipher\zipher.lk\apps\client\.next\server\chunks\ssr\node_modules_next_c73d6895._.js:2:2111)
client:build:     at o (C:\Users\sachi\Desktop\EH\Zipher\zipher.lk\apps\client\.next\server\chunks\ssr\node_modules_next_c73d6895._.js:4:5284)
client:build:     at C:\Users\sachi\Desktop\EH\Zipher\zipher.lk\apps\client\.next\server\chunks\ssr\apps_client_modules_jobs_all-jobs_page_tsx_964b834a._.js:40:536
client:build:     at an (C:\Users\sachi\Desktop\EH\Zipher\zipher.lk\node_modules\next\dist\compiled\next-server\app-page-turbo.runtime.prod.js:2:84360)
client:build:     at ai (C:\Users\sachi\Desktop\EH\Zipher\zipher.lk\node_modules\next\dist\compiled\next-server\app-page-turbo.runtime.prod.js:2:86179)
client:build:     at ai (C:\Users\sachi\Desktop\EH\Zipher\zipher.lk\node_modules\next\dist\compiled\next-server\app-page-turbo.runtime.prod.js:2:104708)
client:build:     at al (C:\Users\sachi\Desktop\EH\Zipher\zipher.lk\node_modules\next\dist\compiled\next-server\app-page-turbo.runtime.prod.js:2:107953)
client:build:     at as (C:\Users\sachi\Desktop\EH\Zipher\zipher.lk\node_modules\next\dist\compiled\next-server\app-page-turbo.runtime.prod.js:2:105368)
client:build:     at am (C:\Users\sachi\Desktop\EH\Zipher\zipher.lk\node_modules\next\dist\compiled\next-server\app-page-turbo.runtime.prod.js:2:112882)
client:build:     at au (C:\Users\sachi\Desktop\EH\Zipher\zipher.lk\node_modules\next\dist\compiled\next-server\app-page-turbo.runtime.prod.js:2:109985)
client:build: Error occurred prerendering page "/all-jobs". Read more: https://nextjs.org/docs/messages/prerender-error
client:build: Export encountered an error on /all-jobs/page: /all-jobs, exiting the build.
client:build: Γ¿» Next.js build worker exited with code: 1 and signal: null
client:build: npm error Lifecycle script `build` failed with error:
client:build: npm error code 1
client:build: npm error path C:\Users\sachi\Desktop\EH\Zipher\zipher.lk\apps\client
client:build: npm error workspace client@0.1.0
client:build: npm error location C:\Users\sachi\Desktop\EH\Zipher\zipher.lk\apps\client
client:build: npm error command failed
client:build: npm error command C:\WINDOWS\system32\cmd.exe /d /s /c next build
client:build: ERROR: command finished with error: command 
(C:\Users\sachi\Desktop\EH\Zipher\zipher.lk\apps\client) 
C:\Users\sachi\AppData\Roaming\npm\npm.cmd run build exited (1)
client#build: command (C:\Users\sachi\Desktop\EH\Zipher\zipher.lk\apps\client) 
C:\Users\sachi\AppData\Roaming\npm\npm.cmd run build exited (1)

 Tasks:    0 successful, 1 total
Cached:    0 cached, 1 total
  Time:    34.998s 
Failed:    client#build

 ERROR  run failed: command  exited (1)
